В файл добавлено 67763 слов
Очистка словаря завершена:
- Исходное количество слов: 67763
- Удалено (не подходят по длине): 63604
- Итого доступно для игры: 4159
буква выпад
жатва выпад
латва выпад
парва выпад
паква выпад
падва выпад
В файл добавлено 67763 слов
Очистка словаря завершена:
- Исходное количество слов: 67763
- Удалено (не подходят по длине): 63604
- Итого доступно для игры: 4159
тариф халиф
лахиф халиф
халиф халиф
В файл добавлено 67763 слов
Очистка словаря завершена:
- Исходное количество слов: 67763
- Удалено (не подходят по длине): 63604
- Итого доступно для игры: 4159
12345 сонет
worldssdfsffa сонет
as сонет
В файл добавлено 67763 слов
Очистка словаря завершена:
- Исходное количество слов: 67763
- Удалено (не подходят по длине): 63604
- Итого доступно для игры: 4159
as йодид
В файл добавлено 67763 слов
Очистка словаря завершена:
- Исходное количество слов: 67763
- Удалено (не подходят по длине): 63604
- Итого доступно для игры: 4159
as пашня
В файл добавлено 67763 слов
Очистка словаря завершена:
- Исходное количество слов: 67763
- Удалено (не подходят по длине): 63604
- Итого доступно для игры: 4159
фывва склиз
ножка склиз
склиз склиз

